------------------------------------------------------------
TimeQuest Timing Analyzer Summary
------------------------------------------------------------

Type  : Slow Model Setup 'clk'
Slack : -140.223
TNS   : -15482.503

Type  : Slow Model Setup 'instructionmemory:InstructionMemory|altsyncram:instructionMem_rtl_0|altsyncram_cg71:auto_generated|ram_block1a26~porta_address_reg0'
Slack : -3.613
TNS   : -55.250

Type  : Slow Model Hold 'instructionmemory:InstructionMemory|altsyncram:instructionMem_rtl_0|altsyncram_cg71:auto_generated|ram_block1a26~porta_address_reg0'
Slack : -3.210
TNS   : -45.651

Type  : Slow Model Hold 'clk'
Slack : 0.616
TNS   : 0.000

Type  : Slow Model Minimum Pulse Width 'clk'
Slack : -2.064
TNS   : -2019.111

Type  : Slow Model Minimum Pulse Width 'instructionmemory:InstructionMemory|altsyncram:instructionMem_rtl_0|altsyncram_cg71:auto_generated|ram_block1a26~porta_address_reg0'
Slack : -0.770
TNS   : -73.850

Type  : Fast Model Setup 'clk'
Slack : -54.007
TNS   : -5566.194

Type  : Fast Model Setup 'instructionmemory:InstructionMemory|altsyncram:instructionMem_rtl_0|altsyncram_cg71:auto_generated|ram_block1a26~porta_address_reg0'
Slack : -1.156
TNS   : -17.548

Type  : Fast Model Hold 'instructionmemory:InstructionMemory|altsyncram:instructionMem_rtl_0|altsyncram_cg71:auto_generated|ram_block1a26~porta_address_reg0'
Slack : -1.742
TNS   : -25.680

Type  : Fast Model Hold 'clk'
Slack : 0.238
TNS   : 0.000

Type  : Fast Model Minimum Pulse Width 'clk'
Slack : -1.627
TNS   : -1620.612

Type  : Fast Model Minimum Pulse Width 'instructionmemory:InstructionMemory|altsyncram:instructionMem_rtl_0|altsyncram_cg71:auto_generated|ram_block1a26~porta_address_reg0'
Slack : 0.072
TNS   : 0.000

------------------------------------------------------------
